|08  ────────────────────────────────────────────────────────────
|07         the wild boar |06·|07 private mail |06·|07 est. 2026
|08  ────────────────────────────────────────────────────────────

|03    Node |11@NODE@|03 of |11@NODES@  |08·  |03online |11@ONLINE@  |08·  |03members |11@MEMBERS@
|08    @TIME@
